Microchip MPLAB XC8 PIC(R) Assembler V2.40

Linker command line:

-W-3 \
  --edf=C:\Program Files\Microchip\xc8\v2.40\pic\dat\20220703182018_en.msgs \
  -cs -h+dist/default/debug\parcial1_mezasanchez_rodrigo.X.debug.sym \
  --cmf=dist/default/debug\parcial1_mezasanchez_rodrigo.X.debug.cmf -z \
  -Q18F57Q84 -oC:\Users\rodri\AppData\Local\Temp\xcAslho.4 \
  --fixupoverflow=error -ver=XC8 PIC(R) Assembler --fixupoverflow=lstwarn \
  -Mdist/default/debug/parcial1_mezasanchez_rodrigo.X.debug.map -E1 \
  --acfsm=1493 -ACODE=00h-01FFFFh -ACONST=00h-01FFFFh \
  -ASMALLCONST=04000h-040FFhx448 \
  -AMEDIUMCONST=04000h-0FFFFh,014000h-01FFFFh -ACOMRAM=0500h-055Fh \
  -AABS1=0500h-036FFh -ABIGRAM=0500h-036FFh \
  -ARAM=0560h-05FFh,0600h-06FFhx49 -ABANK5=0560h-05FFh -ABANK6=0600h-06FFh \
  -ABANK7=0700h-07FFh -ABANK8=0800h-08FFh -ABANK9=0900h-09FFh \
  -ABANK10=0A00h-0AFFh -ABANK11=0B00h-0BFFh -ABANK12=0C00h-0CFFh \
  -ABANK13=0D00h-0DFFh -ABANK14=0E00h-0EFFh -ABANK15=0F00h-0FFFh \
  -ABANK16=01000h-010FFh -ABANK17=01100h-011FFh -ABANK18=01200h-012FFh \
  -ABANK19=01300h-013FFh -ABANK20=01400h-014FFh -ABANK21=01500h-015FFh \
  -ABANK22=01600h-016FFh -ABANK23=01700h-017FFh -ABANK24=01800h-018FFh \
  -ABANK25=01900h-019FFh -ABANK26=01A00h-01AFFh -ABANK27=01B00h-01BFFh \
  -ABANK28=01C00h-01CFFh -ABANK29=01D00h-01DFFh -ABANK30=01E00h-01EFFh \
  -ABANK31=01F00h-01FFFh -ABANK32=02000h-020FFh -ABANK33=02100h-021FFh \
  -ABANK34=02200h-022FFh -ABANK35=02300h-023FFh -ABANK36=02400h-024FFh \
  -ABANK37=02500h-025FFh -ABANK38=02600h-026FFh -ABANK39=02700h-027FFh \
  -ABANK40=02800h-028FFh -ABANK41=02900h-029FFh -ABANK42=02A00h-02AFFh \
  -ABANK43=02B00h-02BFFh -ABANK44=02C00h-02CFFh -ABANK45=02D00h-02DFFh \
  -ABANK46=02E00h-02EFFh -ABANK47=02F00h-02FFFh -ABANK48=03000h-030FFh \
  -ABANK49=03100h-031FFh -ABANK50=03200h-032FFh -ABANK51=03300h-033FFh \
  -ABANK52=03400h-034FFh -ABANK53=03500h-035FFh -ABANK54=03600h-036FFh \
  -ASFR=00h-0FFhx4,0400h-045Fh,0460h-04FFh,03700h-037FFhx9 \
  -ABIGSFR=00h-04FFh,03700h-03FFFh -ACONFIG=0300000h-0300023h \
  -AIDLOC=0200000h-020003Fh -AEEDATA=0380000h-03803FFh \
  build/default/debug/main.o 

Object code version is 3.11

Machine type is 18F57Q84



                Name                               Link     Load   Length Selector   Space Scale
build/default/debug/main.o
                CODE                                  0        0       48        0       0
                resetVect                         1FFFC    1FFFC        4     FFFE       0

TOTAL           Name                               Link     Load   Length     Space
        CLASS   CODE           
                resetVect                         1FFFC    1FFFC        4         0

        CLASS   CONST          

        CLASS   SMALLCONST     

        CLASS   MEDIUMCONST    

        CLASS   COMRAM         

        CLASS   ABS1           

        CLASS   BIGRAM         

        CLASS   RAM            

        CLASS   BANK5          

        CLASS   BANK6          

        CLASS   BANK7          

        CLASS   BANK8          

        CLASS   BANK9          

        CLASS   BANK10         

        CLASS   BANK11         

        CLASS   BANK12         

        CLASS   BANK13         

        CLASS   BANK14         

        CLASS   BANK15         

        CLASS   BANK16         

        CLASS   BANK17         

        CLASS   BANK18         

        CLASS   BANK19         

        CLASS   BANK20         

        CLASS   BANK21         

        CLASS   BANK22         

        CLASS   BANK23         

        CLASS   BANK24         

        CLASS   BANK25         

        CLASS   BANK26         

        CLASS   BANK27         

        CLASS   BANK28         

        CLASS   BANK29         

        CLASS   BANK30         

        CLASS   BANK31         

        CLASS   BANK32         

        CLASS   BANK33         

        CLASS   BANK34         

        CLASS   BANK35         

        CLASS   BANK36         

        CLASS   BANK37         

        CLASS   BANK38         

        CLASS   BANK39         

        CLASS   BANK40         

        CLASS   BANK41         

        CLASS   BANK42         

        CLASS   BANK43         

        CLASS   BANK44         

        CLASS   BANK45         

        CLASS   BANK46         

        CLASS   BANK47         

        CLASS   BANK48         

        CLASS   BANK49         

        CLASS   BANK50         

        CLASS   BANK51         

        CLASS   BANK52         

        CLASS   BANK53         

        CLASS   BANK54         

        CLASS   SFR            

        CLASS   BIGSFR         

        CLASS   CONFIG         

        CLASS   IDLOC          

        CLASS   EEDATA         

        CLASS   UNCLASSED
                CODE                                  0        0       48         0


SEGMENTS        Name                           Load    Length   Top    Selector   Space  Class

                resetVect                      01FFFC  000004  020000      FFFE       0  CODE    


UNUSED ADDRESS RANGES

        Name                Unused          Largest block    Delta
        BANK10           00A00-00AFF             100
        BANK11           00B00-00BFF             100
        BANK12           00C00-00CFF             100
        BANK13           00D00-00DFF             100
        BANK14           00E00-00EFF             100
        BANK15           00F00-00FFF             100
        BANK16           01000-010FF             100
        BANK17           01100-011FF             100
        BANK18           01200-012FF             100
        BANK19           01300-013FF             100
        BANK20           01400-014FF             100
        BANK21           01500-015FF             100
        BANK22           01600-016FF             100
        BANK23           01700-017FF             100
        BANK24           01800-018FF             100
        BANK25           01900-019FF             100
        BANK26           01A00-01AFF             100
        BANK27           01B00-01BFF             100
        BANK28           01C00-01CFF             100
        BANK29           01D00-01DFF             100
        BANK30           01E00-01EFF             100
        BANK31           01F00-01FFF             100
        BANK32           02000-020FF             100
        BANK33           02100-021FF             100
        BANK34           02200-022FF             100
        BANK35           02300-023FF             100
        BANK36           02400-024FF             100
        BANK37           02500-025FF             100
        BANK38           02600-026FF             100
        BANK39           02700-027FF             100
        BANK40           02800-028FF             100
        BANK41           02900-029FF             100
        BANK42           02A00-02AFF             100
        BANK43           02B00-02BFF             100
        BANK44           02C00-02CFF             100
        BANK45           02D00-02DFF             100
        BANK46           02E00-02EFF             100
        BANK47           02F00-02FFF             100
        BANK48           03000-030FF             100
        BANK49           03100-031FF             100
        BANK5            00560-005FF              A0
        BANK50           03200-032FF             100
        BANK51           03300-033FF             100
        BANK52           03400-034FF             100
        BANK53           03500-035FF             100
        BANK54           03600-036FF             100
        BANK6            00600-006FF             100
        BANK7            00700-007FF             100
        BANK8            00800-008FF             100
        BANK9            00900-009FF             100
        BIGRAM           00500-036FF            3200
        BIGSFR           00048-004FF             4B8
                         03700-03FFF             900
        CODE             00048-1FFFB           1FFB4
        COMRAM           00500-0055F              60
        CONFIG           300000-300023              24
        CONST            00048-1FFFB           1FFB4
        EEDATA           380000-3803FF             400
        IDLOC            200000-20003F              40
        MEDIUMCONST      04000-0FFFF            C000
                         14000-1FFFB            BFFC
        RAM              00560-036FF             100
        SFR              00048-004FF             100
                         03700-03FFF             100
        SMALLCONST       04000-1FFFB             100

                                  Symbol Table

__HCODE         CODE         00048  __Hcode         code         00048
__Hdata         data         00048  __Hedata        edata        00048
__HresetVect    resetVect    00048  __Hspace_0      (abs)        20000
__Hspace_1      (abs)        00000  __Hspace_3      (abs)        00000
__Hudata        udata        00048  __Hudata_acs    udata_acs    00048
__Hudata_bank10 udata_bank10 00048  __Hudata_bank11 udata_bank11 00048
__Hudata_bank12 udata_bank12 00048  __Hudata_bank13 udata_bank13 00048
__Hudata_bank14 udata_bank14 00048  __Hudata_bank15 udata_bank15 00048
__Hudata_bank16 udata_bank16 00048  __Hudata_bank17 udata_bank17 00048
__Hudata_bank18 udata_bank18 00048  __Hudata_bank19 udata_bank19 00048
__Hudata_bank20 udata_bank20 00048  __Hudata_bank21 udata_bank21 00048
__Hudata_bank22 udata_bank22 00048  __Hudata_bank23 udata_bank23 00048
__Hudata_bank24 udata_bank24 00048  __Hudata_bank25 udata_bank25 00048
__Hudata_bank26 udata_bank26 00048  __Hudata_bank27 udata_bank27 00048
__Hudata_bank28 udata_bank28 00048  __Hudata_bank29 udata_bank29 00048
__Hudata_bank30 udata_bank30 00048  __Hudata_bank31 udata_bank31 00048
__Hudata_bank32 udata_bank32 00048  __Hudata_bank33 udata_bank33 00048
__Hudata_bank34 udata_bank34 00048  __Hudata_bank35 udata_bank35 00048
__Hudata_bank36 udata_bank36 00048  __Hudata_bank37 udata_bank37 00048
__Hudata_bank38 udata_bank38 00048  __Hudata_bank39 udata_bank39 00048
__Hudata_bank40 udata_bank40 00048  __Hudata_bank41 udata_bank41 00048
__Hudata_bank42 udata_bank42 00048  __Hudata_bank43 udata_bank43 00048
__Hudata_bank44 udata_bank44 00048  __Hudata_bank45 udata_bank45 00048
__Hudata_bank46 udata_bank46 00048  __Hudata_bank47 udata_bank47 00048
__Hudata_bank48 udata_bank48 00048  __Hudata_bank49 udata_bank49 00048
__Hudata_bank5  udata_bank5  00048  __Hudata_bank50 udata_bank50 00048
__Hudata_bank51 udata_bank51 00048  __Hudata_bank52 udata_bank52 00048
__Hudata_bank53 udata_bank53 00048  __Hudata_bank54 udata_bank54 00048
__Hudata_bank6  udata_bank6  00048  __Hudata_bank7  udata_bank7  00048
__Hudata_bank8  udata_bank8  00048  __Hudata_bank9  udata_bank9  00048
__LCODE         CODE         00000  __Lcode         code         00048
__Ldata         data         00048  __Ledata        edata        00048
__LresetVect    resetVect    00048  __Lspace_0      (abs)        00000
__Lspace_1      (abs)        00000  __Lspace_3      (abs)        00000
__Ludata        udata        00048  __Ludata_acs    udata_acs    00048
__Ludata_bank10 udata_bank10 00048  __Ludata_bank11 udata_bank11 00048
__Ludata_bank12 udata_bank12 00048  __Ludata_bank13 udata_bank13 00048
__Ludata_bank14 udata_bank14 00048  __Ludata_bank15 udata_bank15 00048
__Ludata_bank16 udata_bank16 00048  __Ludata_bank17 udata_bank17 00048
__Ludata_bank18 udata_bank18 00048  __Ludata_bank19 udata_bank19 00048
__Ludata_bank20 udata_bank20 00048  __Ludata_bank21 udata_bank21 00048
__Ludata_bank22 udata_bank22 00048  __Ludata_bank23 udata_bank23 00048
__Ludata_bank24 udata_bank24 00048  __Ludata_bank25 udata_bank25 00048
__Ludata_bank26 udata_bank26 00048  __Ludata_bank27 udata_bank27 00048
__Ludata_bank28 udata_bank28 00048  __Ludata_bank29 udata_bank29 00048
__Ludata_bank30 udata_bank30 00048  __Ludata_bank31 udata_bank31 00048
__Ludata_bank32 udata_bank32 00048  __Ludata_bank33 udata_bank33 00048
__Ludata_bank34 udata_bank34 00048  __Ludata_bank35 udata_bank35 00048
__Ludata_bank36 udata_bank36 00048  __Ludata_bank37 udata_bank37 00048
__Ludata_bank38 udata_bank38 00048  __Ludata_bank39 udata_bank39 00048
__Ludata_bank40 udata_bank40 00048  __Ludata_bank41 udata_bank41 00048
__Ludata_bank42 udata_bank42 00048  __Ludata_bank43 udata_bank43 00048
__Ludata_bank44 udata_bank44 00048  __Ludata_bank45 udata_bank45 00048
__Ludata_bank46 udata_bank46 00048  __Ludata_bank47 udata_bank47 00048
__Ludata_bank48 udata_bank48 00048  __Ludata_bank49 udata_bank49 00048
__Ludata_bank5  udata_bank5  00048  __Ludata_bank50 udata_bank50 00048
__Ludata_bank51 udata_bank51 00048  __Ludata_bank52 udata_bank52 00048
__Ludata_bank53 udata_bank53 00048  __Ludata_bank54 udata_bank54 00048
__Ludata_bank6  udata_bank6  00048  __Ludata_bank7  udata_bank7  00048
__Ludata_bank8  udata_bank8  00048  __Ludata_bank9  udata_bank9  00048
__S0            (abs)        20000  __S1            (abs)        00000
__S3            (abs)        00000  isa$std         (abs)        00001
isa$xinst       (abs)        00000  
